>>> add_integer = __import__('0-add_integer').add_integer


>>> print(add_integer(1, 2))
3


>>> print(add_integer(100, -2))
98


>>> print(add_integer(2))
100


>>> print(add_integer(100.3, -2))
98


>>> print(add_integer(b = 100.3))
Traceback (most recent call last):
  File "<stdin>", line 1, in <module>
TypeError: add_integer() missing 1 required positional argument: 'a'


>>> print(add_integer(4, "School"))
Traceback (most recent call last):
  File "<stdin>", line 1, in <module>
  File "/home/mostafa/alx-higher_level_programming/0x07-python-test_driven_development/0-add_integer.py", line 18, in add_integer
    raise TypeError("b must be an integer")
TypeError: b must be an integer


>>> print(add_integer(None))
Traceback (most recent call last):
  File "<stdin>", line 1, in <module>
  File "/home/mostafa/alx-higher_level_programming/0x07-python-test_driven_development/0-add_integer.py", line 16, in add_integer
    raise TypeError("a must be an integer")
TypeError: a must be an integer
